
> select-control-app@1.0.0 start
> next start

  ▲ Next.js 14.2.35
  - Local:        http://localhost:3000

 ✓ Starting...
 ✓ Ready in 189ms

> select-control-app@1.0.0 start
> next start

  ▲ Next.js 14.2.35
  - Local:        http://localhost:3000

 ✓ Starting...
 ✓ Ready in 151ms

> select-control-app@1.0.0 start
> next start

  ▲ Next.js 14.2.35
  - Local:        http://localhost:3000

 ✓ Starting...
 ✓ Ready in 106ms

> select-control-app@1.0.0 start
> next start

  ▲ Next.js 14.2.35
  - Local:        http://localhost:3000

 ✓ Starting...
 ✓ Ready in 106ms

> select-control-app@1.0.0 start
> next start

  ▲ Next.js 14.2.35
  - Local:        http://localhost:3000

 ✓ Starting...
 ✓ Ready in 176ms

> select-control-app@1.0.0 start
> next start

  ▲ Next.js 14.2.35
  - Local:        http://localhost:3000

 ✓ Starting...
 ✓ Ready in 107ms

> select-control-app@1.0.0 start
> next start

  ▲ Next.js 14.2.35
  - Local:        http://localhost:3000

 ✓ Starting...
 ✓ Ready in 121ms

> select-control-app@1.0.0 start
> next start

  ▲ Next.js 14.2.35
  - Local:        http://localhost:3000

 ✓ Starting...
 ✓ Ready in 115ms

> select-control-app@1.0.0 start
> next start

  ▲ Next.js 14.2.35
  - Local:        http://localhost:3000

 ✓ Starting...
 ✓ Ready in 106ms

> select-control-app@1.0.0 start
> next start

  ▲ Next.js 14.2.35
  - Local:        http://localhost:3000

 ✓ Starting...
 ✓ Ready in 108ms

> select-control-app@1.0.0 start
> next start

  ▲ Next.js 14.2.35
  - Local:        http://localhost:3000

 ✓ Starting...
Error: Could not find a production build in the '.next' directory. Try building your app with 'next build' before starting the production server. https://nextjs.org/docs/messages/production-start-no-build-id
    at setupFsCheck (/Users/adrifueyo/Sites/select-control-app/node_modules/next/dist/server/lib/router-utils/filesystem.js:151:19)
    at async initialize (/Users/adrifueyo/Sites/select-control-app/node_modules/next/dist/server/lib/router-server.js:64:23)
    at async Server.<anonymous> (/Users/adrifueyo/Sites/select-control-app/node_modules/next/dist/server/lib/start-server.js:249:36)

> select-control-app@1.0.0 start
> next start

  ▲ Next.js 14.2.35
  - Local:        http://localhost:3000

 ✓ Starting...
Error: Could not find a production build in the '.next' directory. Try building your app with 'next build' before starting the production server. https://nextjs.org/docs/messages/production-start-no-build-id
    at setupFsCheck (/Users/adrifueyo/Sites/select-control-app/node_modules/next/dist/server/lib/router-utils/filesystem.js:151:19)
    at async initialize (/Users/adrifueyo/Sites/select-control-app/node_modules/next/dist/server/lib/router-server.js:64:23)
    at async Server.<anonymous> (/Users/adrifueyo/Sites/select-control-app/node_modules/next/dist/server/lib/start-server.js:249:36)

> select-control-app@1.0.0 start
> next start

  ▲ Next.js 14.2.35
  - Local:        http://localhost:3000

 ✓ Starting...
Error: Could not find a production build in the '.next' directory. Try building your app with 'next build' before starting the production server. https://nextjs.org/docs/messages/production-start-no-build-id
    at setupFsCheck (/Users/adrifueyo/Sites/select-control-app/node_modules/next/dist/server/lib/router-utils/filesystem.js:151:19)
    at async initialize (/Users/adrifueyo/Sites/select-control-app/node_modules/next/dist/server/lib/router-server.js:64:23)
    at async Server.<anonymous> (/Users/adrifueyo/Sites/select-control-app/node_modules/next/dist/server/lib/start-server.js:249:36)

> select-control-app@1.0.0 start
> next start

  ▲ Next.js 14.2.35
  - Local:        http://localhost:3000

 ✓ Starting...
Error: Could not find a production build in the '.next' directory. Try building your app with 'next build' before starting the production server. https://nextjs.org/docs/messages/production-start-no-build-id
    at setupFsCheck (/Users/adrifueyo/Sites/select-control-app/node_modules/next/dist/server/lib/router-utils/filesystem.js:151:19)
    at async initialize (/Users/adrifueyo/Sites/select-control-app/node_modules/next/dist/server/lib/router-server.js:64:23)
    at async Server.<anonymous> (/Users/adrifueyo/Sites/select-control-app/node_modules/next/dist/server/lib/start-server.js:249:36)

> select-control-app@1.0.0 start
> next start

  ▲ Next.js 14.2.35
  - Local:        http://localhost:3000

 ✓ Starting...
Error: Could not find a production build in the '.next' directory. Try building your app with 'next build' before starting the production server. https://nextjs.org/docs/messages/production-start-no-build-id
    at setupFsCheck (/Users/adrifueyo/Sites/select-control-app/node_modules/next/dist/server/lib/router-utils/filesystem.js:151:19)
    at async initialize (/Users/adrifueyo/Sites/select-control-app/node_modules/next/dist/server/lib/router-server.js:64:23)
    at async Server.<anonymous> (/Users/adrifueyo/Sites/select-control-app/node_modules/next/dist/server/lib/start-server.js:249:36)

> select-control-app@1.0.0 start
> next start

  ▲ Next.js 14.2.35
  - Local:        http://localhost:3000

 ✓ Starting...
Error: Could not find a production build in the '.next' directory. Try building your app with 'next build' before starting the production server. https://nextjs.org/docs/messages/production-start-no-build-id
    at setupFsCheck (/Users/adrifueyo/Sites/select-control-app/node_modules/next/dist/server/lib/router-utils/filesystem.js:151:19)
    at async initialize (/Users/adrifueyo/Sites/select-control-app/node_modules/next/dist/server/lib/router-server.js:64:23)
    at async Server.<anonymous> (/Users/adrifueyo/Sites/select-control-app/node_modules/next/dist/server/lib/start-server.js:249:36)

> select-control-app@1.0.0 start
> next start

  ▲ Next.js 14.2.35
  - Local:        http://localhost:3000

 ✓ Starting...
Error: Could not find a production build in the '.next' directory. Try building your app with 'next build' before starting the production server. https://nextjs.org/docs/messages/production-start-no-build-id
    at setupFsCheck (/Users/adrifueyo/Sites/select-control-app/node_modules/next/dist/server/lib/router-utils/filesystem.js:151:19)
    at async initialize (/Users/adrifueyo/Sites/select-control-app/node_modules/next/dist/server/lib/router-server.js:64:23)
    at async Server.<anonymous> (/Users/adrifueyo/Sites/select-control-app/node_modules/next/dist/server/lib/start-server.js:249:36)

> select-control-app@1.0.0 start
> next start

  ▲ Next.js 14.2.35
  - Local:        http://localhost:3000

 ✓ Starting...
Error: Could not find a production build in the '.next' directory. Try building your app with 'next build' before starting the production server. https://nextjs.org/docs/messages/production-start-no-build-id
    at setupFsCheck (/Users/adrifueyo/Sites/select-control-app/node_modules/next/dist/server/lib/router-utils/filesystem.js:151:19)
    at async initialize (/Users/adrifueyo/Sites/select-control-app/node_modules/next/dist/server/lib/router-server.js:64:23)
    at async Server.<anonymous> (/Users/adrifueyo/Sites/select-control-app/node_modules/next/dist/server/lib/start-server.js:249:36)

> select-control-app@1.0.0 start
> next start

  ▲ Next.js 14.2.35
  - Local:        http://localhost:3000

 ✓ Starting...
Error: Could not find a production build in the '.next' directory. Try building your app with 'next build' before starting the production server. https://nextjs.org/docs/messages/production-start-no-build-id
    at setupFsCheck (/Users/adrifueyo/Sites/select-control-app/node_modules/next/dist/server/lib/router-utils/filesystem.js:151:19)
    at async initialize (/Users/adrifueyo/Sites/select-control-app/node_modules/next/dist/server/lib/router-server.js:64:23)
    at async Server.<anonymous> (/Users/adrifueyo/Sites/select-control-app/node_modules/next/dist/server/lib/start-server.js:249:36)

> select-control-app@1.0.0 start
> next start

  ▲ Next.js 14.2.35
  - Local:        http://localhost:3000

 ✓ Starting...
Error: Could not find a production build in the '.next' directory. Try building your app with 'next build' before starting the production server. https://nextjs.org/docs/messages/production-start-no-build-id
    at setupFsCheck (/Users/adrifueyo/Sites/select-control-app/node_modules/next/dist/server/lib/router-utils/filesystem.js:151:19)
    at async initialize (/Users/adrifueyo/Sites/select-control-app/node_modules/next/dist/server/lib/router-server.js:64:23)
    at async Server.<anonymous> (/Users/adrifueyo/Sites/select-control-app/node_modules/next/dist/server/lib/start-server.js:249:36)

> select-control-app@1.0.0 start
> next start

  ▲ Next.js 14.2.35
  - Local:        http://localhost:3000

 ✓ Starting...
Error: Could not find a production build in the '.next' directory. Try building your app with 'next build' before starting the production server. https://nextjs.org/docs/messages/production-start-no-build-id
    at setupFsCheck (/Users/adrifueyo/Sites/select-control-app/node_modules/next/dist/server/lib/router-utils/filesystem.js:151:19)
    at async initialize (/Users/adrifueyo/Sites/select-control-app/node_modules/next/dist/server/lib/router-server.js:64:23)
    at async Server.<anonymous> (/Users/adrifueyo/Sites/select-control-app/node_modules/next/dist/server/lib/start-server.js:249:36)

> select-control-app@1.0.0 start
> next start

  ▲ Next.js 14.2.35
  - Local:        http://localhost:3000

 ✓ Starting...
Error: Could not find a production build in the '.next' directory. Try building your app with 'next build' before starting the production server. https://nextjs.org/docs/messages/production-start-no-build-id
    at setupFsCheck (/Users/adrifueyo/Sites/select-control-app/node_modules/next/dist/server/lib/router-utils/filesystem.js:151:19)
    at async initialize (/Users/adrifueyo/Sites/select-control-app/node_modules/next/dist/server/lib/router-server.js:64:23)
    at async Server.<anonymous> (/Users/adrifueyo/Sites/select-control-app/node_modules/next/dist/server/lib/start-server.js:249:36)

> select-control-app@1.0.0 start
> next start

  ▲ Next.js 14.2.35
  - Local:        http://localhost:3000

 ✓ Starting...
Error: Could not find a production build in the '.next' directory. Try building your app with 'next build' before starting the production server. https://nextjs.org/docs/messages/production-start-no-build-id
    at setupFsCheck (/Users/adrifueyo/Sites/select-control-app/node_modules/next/dist/server/lib/router-utils/filesystem.js:151:19)
    at async initialize (/Users/adrifueyo/Sites/select-control-app/node_modules/next/dist/server/lib/router-server.js:64:23)
    at async Server.<anonymous> (/Users/adrifueyo/Sites/select-control-app/node_modules/next/dist/server/lib/start-server.js:249:36)

> select-control-app@1.0.0 start
> next start

  ▲ Next.js 14.2.35
  - Local:        http://localhost:3000

 ✓ Starting...
Error: Could not find a production build in the '.next' directory. Try building your app with 'next build' before starting the production server. https://nextjs.org/docs/messages/production-start-no-build-id
    at setupFsCheck (/Users/adrifueyo/Sites/select-control-app/node_modules/next/dist/server/lib/router-utils/filesystem.js:151:19)
    at async initialize (/Users/adrifueyo/Sites/select-control-app/node_modules/next/dist/server/lib/router-server.js:64:23)
    at async Server.<anonymous> (/Users/adrifueyo/Sites/select-control-app/node_modules/next/dist/server/lib/start-server.js:249:36)

> select-control-app@1.0.0 start
> next start

  ▲ Next.js 14.2.35
  - Local:        http://localhost:3000

 ✓ Starting...
Error: Could not find a production build in the '.next' directory. Try building your app with 'next build' before starting the production server. https://nextjs.org/docs/messages/production-start-no-build-id
    at setupFsCheck (/Users/adrifueyo/Sites/select-control-app/node_modules/next/dist/server/lib/router-utils/filesystem.js:151:19)
    at async initialize (/Users/adrifueyo/Sites/select-control-app/node_modules/next/dist/server/lib/router-server.js:64:23)
    at async Server.<anonymous> (/Users/adrifueyo/Sites/select-control-app/node_modules/next/dist/server/lib/start-server.js:249:36)

> select-control-app@1.0.0 start
> next start

  ▲ Next.js 14.2.35
  - Local:        http://localhost:3000

 ✓ Starting...
Error: Could not find a production build in the '.next' directory. Try building your app with 'next build' before starting the production server. https://nextjs.org/docs/messages/production-start-no-build-id
    at setupFsCheck (/Users/adrifueyo/Sites/select-control-app/node_modules/next/dist/server/lib/router-utils/filesystem.js:151:19)
    at async initialize (/Users/adrifueyo/Sites/select-control-app/node_modules/next/dist/server/lib/router-server.js:64:23)
    at async Server.<anonymous> (/Users/adrifueyo/Sites/select-control-app/node_modules/next/dist/server/lib/start-server.js:249:36)

> select-control-app@1.0.0 start
> next start

  ▲ Next.js 14.2.35
  - Local:        http://localhost:3000

 ✓ Starting...
Error: Could not find a production build in the '.next' directory. Try building your app with 'next build' before starting the production server. https://nextjs.org/docs/messages/production-start-no-build-id
    at setupFsCheck (/Users/adrifueyo/Sites/select-control-app/node_modules/next/dist/server/lib/router-utils/filesystem.js:151:19)
    at async initialize (/Users/adrifueyo/Sites/select-control-app/node_modules/next/dist/server/lib/router-server.js:64:23)
    at async Server.<anonymous> (/Users/adrifueyo/Sites/select-control-app/node_modules/next/dist/server/lib/start-server.js:249:36)

> select-control-app@1.0.0 start
> next start

  ▲ Next.js 14.2.35
  - Local:        http://localhost:3000

 ✓ Starting...
Error: Could not find a production build in the '.next' directory. Try building your app with 'next build' before starting the production server. https://nextjs.org/docs/messages/production-start-no-build-id
    at setupFsCheck (/Users/adrifueyo/Sites/select-control-app/node_modules/next/dist/server/lib/router-utils/filesystem.js:151:19)
    at async initialize (/Users/adrifueyo/Sites/select-control-app/node_modules/next/dist/server/lib/router-server.js:64:23)
    at async Server.<anonymous> (/Users/adrifueyo/Sites/select-control-app/node_modules/next/dist/server/lib/start-server.js:249:36)

> select-control-app@1.0.0 start
> next start

  ▲ Next.js 14.2.35
  - Local:        http://localhost:3000

 ✓ Starting...
Error: Could not find a production build in the '.next' directory. Try building your app with 'next build' before starting the production server. https://nextjs.org/docs/messages/production-start-no-build-id
    at setupFsCheck (/Users/adrifueyo/Sites/select-control-app/node_modules/next/dist/server/lib/router-utils/filesystem.js:151:19)
    at async initialize (/Users/adrifueyo/Sites/select-control-app/node_modules/next/dist/server/lib/router-server.js:64:23)
    at async Server.<anonymous> (/Users/adrifueyo/Sites/select-control-app/node_modules/next/dist/server/lib/start-server.js:249:36)

> select-control-app@1.0.0 start
> next start

  ▲ Next.js 14.2.35
  - Local:        http://localhost:3000

 ✓ Starting...
Error: Could not find a production build in the '.next' directory. Try building your app with 'next build' before starting the production server. https://nextjs.org/docs/messages/production-start-no-build-id
    at setupFsCheck (/Users/adrifueyo/Sites/select-control-app/node_modules/next/dist/server/lib/router-utils/filesystem.js:151:19)
    at async initialize (/Users/adrifueyo/Sites/select-control-app/node_modules/next/dist/server/lib/router-server.js:64:23)
    at async Server.<anonymous> (/Users/adrifueyo/Sites/select-control-app/node_modules/next/dist/server/lib/start-server.js:249:36)

> select-control-app@1.0.0 start
> next start

  ▲ Next.js 14.2.35
  - Local:        http://localhost:3000

 ✓ Starting...
Error: Could not find a production build in the '.next' directory. Try building your app with 'next build' before starting the production server. https://nextjs.org/docs/messages/production-start-no-build-id
    at setupFsCheck (/Users/adrifueyo/Sites/select-control-app/node_modules/next/dist/server/lib/router-utils/filesystem.js:151:19)
    at async initialize (/Users/adrifueyo/Sites/select-control-app/node_modules/next/dist/server/lib/router-server.js:64:23)
    at async Server.<anonymous> (/Users/adrifueyo/Sites/select-control-app/node_modules/next/dist/server/lib/start-server.js:249:36)

> select-control-app@1.0.0 start
> next start

  ▲ Next.js 14.2.35
  - Local:        http://localhost:3000

 ✓ Starting...
Error: Could not find a production build in the '.next' directory. Try building your app with 'next build' before starting the production server. https://nextjs.org/docs/messages/production-start-no-build-id
    at setupFsCheck (/Users/adrifueyo/Sites/select-control-app/node_modules/next/dist/server/lib/router-utils/filesystem.js:151:19)
    at async initialize (/Users/adrifueyo/Sites/select-control-app/node_modules/next/dist/server/lib/router-server.js:64:23)
    at async Server.<anonymous> (/Users/adrifueyo/Sites/select-control-app/node_modules/next/dist/server/lib/start-server.js:249:36)

> select-control-app@1.0.0 start
> next start

  ▲ Next.js 14.2.35
  - Local:        http://localhost:3000

 ✓ Starting...
Error: Could not find a production build in the '.next' directory. Try building your app with 'next build' before starting the production server. https://nextjs.org/docs/messages/production-start-no-build-id
    at setupFsCheck (/Users/adrifueyo/Sites/select-control-app/node_modules/next/dist/server/lib/router-utils/filesystem.js:151:19)
    at async initialize (/Users/adrifueyo/Sites/select-control-app/node_modules/next/dist/server/lib/router-server.js:64:23)
    at async Server.<anonymous> (/Users/adrifueyo/Sites/select-control-app/node_modules/next/dist/server/lib/start-server.js:249:36)

> select-control-app@1.0.0 start
> next start

  ▲ Next.js 14.2.35
  - Local:        http://localhost:3000

 ✓ Starting...
Error: Could not find a production build in the '.next' directory. Try building your app with 'next build' before starting the production server. https://nextjs.org/docs/messages/production-start-no-build-id
    at setupFsCheck (/Users/adrifueyo/Sites/select-control-app/node_modules/next/dist/server/lib/router-utils/filesystem.js:151:19)
    at async initialize (/Users/adrifueyo/Sites/select-control-app/node_modules/next/dist/server/lib/router-server.js:64:23)
    at async Server.<anonymous> (/Users/adrifueyo/Sites/select-control-app/node_modules/next/dist/server/lib/start-server.js:249:36)

> select-control-app@1.0.0 start
> next start

  ▲ Next.js 14.2.35
  - Local:        http://localhost:3000

 ✓ Starting...
Error: Could not find a production build in the '.next' directory. Try building your app with 'next build' before starting the production server. https://nextjs.org/docs/messages/production-start-no-build-id
    at setupFsCheck (/Users/adrifueyo/Sites/select-control-app/node_modules/next/dist/server/lib/router-utils/filesystem.js:151:19)
    at async initialize (/Users/adrifueyo/Sites/select-control-app/node_modules/next/dist/server/lib/router-server.js:64:23)
    at async Server.<anonymous> (/Users/adrifueyo/Sites/select-control-app/node_modules/next/dist/server/lib/start-server.js:249:36)

> select-control-app@1.0.0 start
> next start

  ▲ Next.js 14.2.35
  - Local:        http://localhost:3000

 ✓ Starting...
Error: Could not find a production build in the '.next' directory. Try building your app with 'next build' before starting the production server. https://nextjs.org/docs/messages/production-start-no-build-id
    at setupFsCheck (/Users/adrifueyo/Sites/select-control-app/node_modules/next/dist/server/lib/router-utils/filesystem.js:151:19)
    at async initialize (/Users/adrifueyo/Sites/select-control-app/node_modules/next/dist/server/lib/router-server.js:64:23)
    at async Server.<anonymous> (/Users/adrifueyo/Sites/select-control-app/node_modules/next/dist/server/lib/start-server.js:249:36)

> select-control-app@1.0.0 start
> next start

  ▲ Next.js 14.2.35
  - Local:        http://localhost:3000

 ✓ Starting...
Error: Could not find a production build in the '.next' directory. Try building your app with 'next build' before starting the production server. https://nextjs.org/docs/messages/production-start-no-build-id
    at setupFsCheck (/Users/adrifueyo/Sites/select-control-app/node_modules/next/dist/server/lib/router-utils/filesystem.js:151:19)
    at async initialize (/Users/adrifueyo/Sites/select-control-app/node_modules/next/dist/server/lib/router-server.js:64:23)
    at async Server.<anonymous> (/Users/adrifueyo/Sites/select-control-app/node_modules/next/dist/server/lib/start-server.js:249:36)

> select-control-app@1.0.0 start
> next start

  ▲ Next.js 14.2.35
  - Local:        http://localhost:3000

 ✓ Starting...
Error: Could not find a production build in the '.next' directory. Try building your app with 'next build' before starting the production server. https://nextjs.org/docs/messages/production-start-no-build-id
    at setupFsCheck (/Users/adrifueyo/Sites/select-control-app/node_modules/next/dist/server/lib/router-utils/filesystem.js:151:19)
    at async initialize (/Users/adrifueyo/Sites/select-control-app/node_modules/next/dist/server/lib/router-server.js:64:23)
    at async Server.<anonymous> (/Users/adrifueyo/Sites/select-control-app/node_modules/next/dist/server/lib/start-server.js:249:36)

> select-control-app@1.0.0 start
> next start

  ▲ Next.js 14.2.35
  - Local:        http://localhost:3000

 ✓ Starting...
 ✓ Ready in 101ms

> select-control-app@1.0.0 start
> next start

  ▲ Next.js 14.2.35
  - Local:        http://localhost:3000

 ✓ Starting...
 ✓ Ready in 108ms

> select-control-app@1.0.0 start
> next start

  ▲ Next.js 14.2.35
  - Local:        http://localhost:3000

 ✓ Starting...
 ✓ Ready in 129ms

> select-control-app@1.0.0 start
> next start

  ▲ Next.js 14.2.35
  - Local:        http://localhost:3000

 ✓ Starting...
 ✓ Ready in 108ms

> select-control-app@1.0.0 start
> next start

  ▲ Next.js 14.2.35
  - Local:        http://localhost:3000

 ✓ Starting...
 ✓ Ready in 124ms

> select-control-app@1.0.0 start
> next start

  ▲ Next.js 14.2.35
  - Local:        http://localhost:3000

 ✓ Starting...
Error: Could not find a production build in the '.next' directory. Try building your app with 'next build' before starting the production server. https://nextjs.org/docs/messages/production-start-no-build-id
    at setupFsCheck (/Users/adrifueyo/Sites/select-control-app/node_modules/next/dist/server/lib/router-utils/filesystem.js:151:19)
    at async initialize (/Users/adrifueyo/Sites/select-control-app/node_modules/next/dist/server/lib/router-server.js:64:23)
    at async Server.<anonymous> (/Users/adrifueyo/Sites/select-control-app/node_modules/next/dist/server/lib/start-server.js:249:36)

> select-control-app@1.0.0 start
> next start

  ▲ Next.js 14.2.35
  - Local:        http://localhost:3000

 ✓ Starting...
Error: Could not find a production build in the '.next' directory. Try building your app with 'next build' before starting the production server. https://nextjs.org/docs/messages/production-start-no-build-id
    at setupFsCheck (/Users/adrifueyo/Sites/select-control-app/node_modules/next/dist/server/lib/router-utils/filesystem.js:151:19)
    at async initialize (/Users/adrifueyo/Sites/select-control-app/node_modules/next/dist/server/lib/router-server.js:64:23)
    at async Server.<anonymous> (/Users/adrifueyo/Sites/select-control-app/node_modules/next/dist/server/lib/start-server.js:249:36)

> select-control-app@1.0.0 start
> next start

  ▲ Next.js 14.2.35
  - Local:        http://localhost:3000

 ✓ Starting...
Error: Could not find a production build in the '.next' directory. Try building your app with 'next build' before starting the production server. https://nextjs.org/docs/messages/production-start-no-build-id
    at setupFsCheck (/Users/adrifueyo/Sites/select-control-app/node_modules/next/dist/server/lib/router-utils/filesystem.js:151:19)
    at async initialize (/Users/adrifueyo/Sites/select-control-app/node_modules/next/dist/server/lib/router-server.js:64:23)
    at async Server.<anonymous> (/Users/adrifueyo/Sites/select-control-app/node_modules/next/dist/server/lib/start-server.js:249:36)

> select-control-app@1.0.0 start
> next start

  ▲ Next.js 14.2.35
  - Local:        http://localhost:3000

 ✓ Starting...
Error: Could not find a production build in the '.next' directory. Try building your app with 'next build' before starting the production server. https://nextjs.org/docs/messages/production-start-no-build-id
    at setupFsCheck (/Users/adrifueyo/Sites/select-control-app/node_modules/next/dist/server/lib/router-utils/filesystem.js:151:19)
    at async initialize (/Users/adrifueyo/Sites/select-control-app/node_modules/next/dist/server/lib/router-server.js:64:23)
    at async Server.<anonymous> (/Users/adrifueyo/Sites/select-control-app/node_modules/next/dist/server/lib/start-server.js:249:36)

> select-control-app@1.0.0 start
> next start

  ▲ Next.js 14.2.35
  - Local:        http://localhost:3000

 ✓ Starting...
Error: Could not find a production build in the '.next' directory. Try building your app with 'next build' before starting the production server. https://nextjs.org/docs/messages/production-start-no-build-id
    at setupFsCheck (/Users/adrifueyo/Sites/select-control-app/node_modules/next/dist/server/lib/router-utils/filesystem.js:151:19)
    at async initialize (/Users/adrifueyo/Sites/select-control-app/node_modules/next/dist/server/lib/router-server.js:64:23)
    at async Server.<anonymous> (/Users/adrifueyo/Sites/select-control-app/node_modules/next/dist/server/lib/start-server.js:249:36)

> select-control-app@1.0.0 start
> next start

  ▲ Next.js 14.2.35
  - Local:        http://localhost:3000

 ✓ Starting...
Error: Could not find a production build in the '.next' directory. Try building your app with 'next build' before starting the production server. https://nextjs.org/docs/messages/production-start-no-build-id
    at setupFsCheck (/Users/adrifueyo/Sites/select-control-app/node_modules/next/dist/server/lib/router-utils/filesystem.js:151:19)
    at async initialize (/Users/adrifueyo/Sites/select-control-app/node_modules/next/dist/server/lib/router-server.js:64:23)
    at async Server.<anonymous> (/Users/adrifueyo/Sites/select-control-app/node_modules/next/dist/server/lib/start-server.js:249:36)

> select-control-app@1.0.0 start
> next start

  ▲ Next.js 14.2.35
  - Local:        http://localhost:3000

 ✓ Starting...
Error: Could not find a production build in the '.next' directory. Try building your app with 'next build' before starting the production server. https://nextjs.org/docs/messages/production-start-no-build-id
    at setupFsCheck (/Users/adrifueyo/Sites/select-control-app/node_modules/next/dist/server/lib/router-utils/filesystem.js:151:19)
    at async initialize (/Users/adrifueyo/Sites/select-control-app/node_modules/next/dist/server/lib/router-server.js:64:23)
    at async Server.<anonymous> (/Users/adrifueyo/Sites/select-control-app/node_modules/next/dist/server/lib/start-server.js:249:36)

> select-control-app@1.0.0 start
> next start

  ▲ Next.js 14.2.35
  - Local:        http://localhost:3000

 ✓ Starting...
Error: Could not find a production build in the '.next' directory. Try building your app with 'next build' before starting the production server. https://nextjs.org/docs/messages/production-start-no-build-id
    at setupFsCheck (/Users/adrifueyo/Sites/select-control-app/node_modules/next/dist/server/lib/router-utils/filesystem.js:151:19)
    at async initialize (/Users/adrifueyo/Sites/select-control-app/node_modules/next/dist/server/lib/router-server.js:64:23)
    at async Server.<anonymous> (/Users/adrifueyo/Sites/select-control-app/node_modules/next/dist/server/lib/start-server.js:249:36)

> select-control-app@1.0.0 start
> next start

  ▲ Next.js 14.2.35
  - Local:        http://localhost:3000

 ✓ Starting...
Error: Could not find a production build in the '.next' directory. Try building your app with 'next build' before starting the production server. https://nextjs.org/docs/messages/production-start-no-build-id
    at setupFsCheck (/Users/adrifueyo/Sites/select-control-app/node_modules/next/dist/server/lib/router-utils/filesystem.js:151:19)
    at async initialize (/Users/adrifueyo/Sites/select-control-app/node_modules/next/dist/server/lib/router-server.js:64:23)
    at async Server.<anonymous> (/Users/adrifueyo/Sites/select-control-app/node_modules/next/dist/server/lib/start-server.js:249:36)

> select-control-app@1.0.0 start
> next start

  ▲ Next.js 14.2.35
  - Local:        http://localhost:3000

 ✓ Starting...
Error: Could not find a production build in the '.next' directory. Try building your app with 'next build' before starting the production server. https://nextjs.org/docs/messages/production-start-no-build-id
    at setupFsCheck (/Users/adrifueyo/Sites/select-control-app/node_modules/next/dist/server/lib/router-utils/filesystem.js:151:19)
    at async initialize (/Users/adrifueyo/Sites/select-control-app/node_modules/next/dist/server/lib/router-server.js:64:23)
    at async Server.<anonymous> (/Users/adrifueyo/Sites/select-control-app/node_modules/next/dist/server/lib/start-server.js:249:36)

> select-control-app@1.0.0 start
> next start

  ▲ Next.js 14.2.35
  - Local:        http://localhost:3000

 ✓ Starting...
Error: Could not find a production build in the '.next' directory. Try building your app with 'next build' before starting the production server. https://nextjs.org/docs/messages/production-start-no-build-id
    at setupFsCheck (/Users/adrifueyo/Sites/select-control-app/node_modules/next/dist/server/lib/router-utils/filesystem.js:151:19)
    at async initialize (/Users/adrifueyo/Sites/select-control-app/node_modules/next/dist/server/lib/router-server.js:64:23)
    at async Server.<anonymous> (/Users/adrifueyo/Sites/select-control-app/node_modules/next/dist/server/lib/start-server.js:249:36)

> select-control-app@1.0.0 start
> next start

  ▲ Next.js 14.2.35
  - Local:        http://localhost:3000

 ✓ Starting...
Error: Could not find a production build in the '.next' directory. Try building your app with 'next build' before starting the production server. https://nextjs.org/docs/messages/production-start-no-build-id
    at setupFsCheck (/Users/adrifueyo/Sites/select-control-app/node_modules/next/dist/server/lib/router-utils/filesystem.js:151:19)
    at async initialize (/Users/adrifueyo/Sites/select-control-app/node_modules/next/dist/server/lib/router-server.js:64:23)
    at async Server.<anonymous> (/Users/adrifueyo/Sites/select-control-app/node_modules/next/dist/server/lib/start-server.js:249:36)

> select-control-app@1.0.0 start
> next start

  ▲ Next.js 14.2.35
  - Local:        http://localhost:3000

 ✓ Starting...
Error: Could not find a production build in the '.next' directory. Try building your app with 'next build' before starting the production server. https://nextjs.org/docs/messages/production-start-no-build-id
    at setupFsCheck (/Users/adrifueyo/Sites/select-control-app/node_modules/next/dist/server/lib/router-utils/filesystem.js:151:19)
    at async initialize (/Users/adrifueyo/Sites/select-control-app/node_modules/next/dist/server/lib/router-server.js:64:23)
    at async Server.<anonymous> (/Users/adrifueyo/Sites/select-control-app/node_modules/next/dist/server/lib/start-server.js:249:36)

> select-control-app@1.0.0 start
> next start

  ▲ Next.js 14.2.35
  - Local:        http://localhost:3000

 ✓ Starting...
 ✓ Ready in 160ms

> select-control-app@1.0.0 start
> next start

  ▲ Next.js 14.2.35
  - Local:        http://localhost:3000

 ✓ Starting...
 ✓ Ready in 106ms

> select-control-app@1.0.0 start
> next start

  ▲ Next.js 14.2.35
  - Local:        http://localhost:3000

 ✓ Starting...
Error: Could not find a production build in the '.next' directory. Try building your app with 'next build' before starting the production server. https://nextjs.org/docs/messages/production-start-no-build-id
    at setupFsCheck (/Users/adrifueyo/Sites/select-control-app/node_modules/next/dist/server/lib/router-utils/filesystem.js:151:19)
    at async initialize (/Users/adrifueyo/Sites/select-control-app/node_modules/next/dist/server/lib/router-server.js:64:23)
    at async Server.<anonymous> (/Users/adrifueyo/Sites/select-control-app/node_modules/next/dist/server/lib/start-server.js:249:36)

> select-control-app@1.0.0 start
> next start

  ▲ Next.js 14.2.35
  - Local:        http://localhost:3000

 ✓ Starting...
Error: Could not find a production build in the '.next' directory. Try building your app with 'next build' before starting the production server. https://nextjs.org/docs/messages/production-start-no-build-id
    at setupFsCheck (/Users/adrifueyo/Sites/select-control-app/node_modules/next/dist/server/lib/router-utils/filesystem.js:151:19)
    at async initialize (/Users/adrifueyo/Sites/select-control-app/node_modules/next/dist/server/lib/router-server.js:64:23)
    at async Server.<anonymous> (/Users/adrifueyo/Sites/select-control-app/node_modules/next/dist/server/lib/start-server.js:249:36)

> select-control-app@1.0.0 start
> next start

  ▲ Next.js 14.2.35
  - Local:        http://localhost:3000

 ✓ Starting...
Error: Could not find a production build in the '.next' directory. Try building your app with 'next build' before starting the production server. https://nextjs.org/docs/messages/production-start-no-build-id
    at setupFsCheck (/Users/adrifueyo/Sites/select-control-app/node_modules/next/dist/server/lib/router-utils/filesystem.js:151:19)
    at async initialize (/Users/adrifueyo/Sites/select-control-app/node_modules/next/dist/server/lib/router-server.js:64:23)
    at async Server.<anonymous> (/Users/adrifueyo/Sites/select-control-app/node_modules/next/dist/server/lib/start-server.js:249:36)

> select-control-app@1.0.0 start
> next start

  ▲ Next.js 14.2.35
  - Local:        http://localhost:3000

 ✓ Starting...
Error: Could not find a production build in the '.next' directory. Try building your app with 'next build' before starting the production server. https://nextjs.org/docs/messages/production-start-no-build-id
    at setupFsCheck (/Users/adrifueyo/Sites/select-control-app/node_modules/next/dist/server/lib/router-utils/filesystem.js:151:19)
    at async initialize (/Users/adrifueyo/Sites/select-control-app/node_modules/next/dist/server/lib/router-server.js:64:23)
    at async Server.<anonymous> (/Users/adrifueyo/Sites/select-control-app/node_modules/next/dist/server/lib/start-server.js:249:36)

> select-control-app@1.0.0 start
> next start

  ▲ Next.js 14.2.35
  - Local:        http://localhost:3000

 ✓ Starting...
Error: Could not find a production build in the '.next' directory. Try building your app with 'next build' before starting the production server. https://nextjs.org/docs/messages/production-start-no-build-id
    at setupFsCheck (/Users/adrifueyo/Sites/select-control-app/node_modules/next/dist/server/lib/router-utils/filesystem.js:151:19)
    at async initialize (/Users/adrifueyo/Sites/select-control-app/node_modules/next/dist/server/lib/router-server.js:64:23)
    at async Server.<anonymous> (/Users/adrifueyo/Sites/select-control-app/node_modules/next/dist/server/lib/start-server.js:249:36)

> select-control-app@1.0.0 start
> next start

  ▲ Next.js 14.2.35
  - Local:        http://localhost:3000

 ✓ Starting...
Error: Could not find a production build in the '.next' directory. Try building your app with 'next build' before starting the production server. https://nextjs.org/docs/messages/production-start-no-build-id
    at setupFsCheck (/Users/adrifueyo/Sites/select-control-app/node_modules/next/dist/server/lib/router-utils/filesystem.js:151:19)
    at async initialize (/Users/adrifueyo/Sites/select-control-app/node_modules/next/dist/server/lib/router-server.js:64:23)
    at async Server.<anonymous> (/Users/adrifueyo/Sites/select-control-app/node_modules/next/dist/server/lib/start-server.js:249:36)

> select-control-app@1.0.0 start
> next start

  ▲ Next.js 14.2.35
  - Local:        http://localhost:3000

 ✓ Starting...
Error: Could not find a production build in the '.next' directory. Try building your app with 'next build' before starting the production server. https://nextjs.org/docs/messages/production-start-no-build-id
    at setupFsCheck (/Users/adrifueyo/Sites/select-control-app/node_modules/next/dist/server/lib/router-utils/filesystem.js:151:19)
    at async initialize (/Users/adrifueyo/Sites/select-control-app/node_modules/next/dist/server/lib/router-server.js:64:23)
    at async Server.<anonymous> (/Users/adrifueyo/Sites/select-control-app/node_modules/next/dist/server/lib/start-server.js:249:36)

> select-control-app@1.0.0 start
> next start

  ▲ Next.js 14.2.35
  - Local:        http://localhost:3000

 ✓ Starting...
Error: Could not find a production build in the '.next' directory. Try building your app with 'next build' before starting the production server. https://nextjs.org/docs/messages/production-start-no-build-id
    at setupFsCheck (/Users/adrifueyo/Sites/select-control-app/node_modules/next/dist/server/lib/router-utils/filesystem.js:151:19)
    at async initialize (/Users/adrifueyo/Sites/select-control-app/node_modules/next/dist/server/lib/router-server.js:64:23)
    at async Server.<anonymous> (/Users/adrifueyo/Sites/select-control-app/node_modules/next/dist/server/lib/start-server.js:249:36)

> select-control-app@1.0.0 start
> next start

  ▲ Next.js 14.2.35
  - Local:        http://localhost:3000

 ✓ Starting...
Error: Could not find a production build in the '.next' directory. Try building your app with 'next build' before starting the production server. https://nextjs.org/docs/messages/production-start-no-build-id
    at setupFsCheck (/Users/adrifueyo/Sites/select-control-app/node_modules/next/dist/server/lib/router-utils/filesystem.js:151:19)
    at async initialize (/Users/adrifueyo/Sites/select-control-app/node_modules/next/dist/server/lib/router-server.js:64:23)
    at async Server.<anonymous> (/Users/adrifueyo/Sites/select-control-app/node_modules/next/dist/server/lib/start-server.js:249:36)

> select-control-app@1.0.0 start
> next start

  ▲ Next.js 14.2.35
  - Local:        http://localhost:3000

 ✓ Starting...
Error: Could not find a production build in the '.next' directory. Try building your app with 'next build' before starting the production server. https://nextjs.org/docs/messages/production-start-no-build-id
    at setupFsCheck (/Users/adrifueyo/Sites/select-control-app/node_modules/next/dist/server/lib/router-utils/filesystem.js:151:19)
    at async initialize (/Users/adrifueyo/Sites/select-control-app/node_modules/next/dist/server/lib/router-server.js:64:23)
    at async Server.<anonymous> (/Users/adrifueyo/Sites/select-control-app/node_modules/next/dist/server/lib/start-server.js:249:36)

> select-control-app@1.0.0 start
> next start

  ▲ Next.js 14.2.35
  - Local:        http://localhost:3000

 ✓ Starting...
Error: Could not find a production build in the '.next' directory. Try building your app with 'next build' before starting the production server. https://nextjs.org/docs/messages/production-start-no-build-id
    at setupFsCheck (/Users/adrifueyo/Sites/select-control-app/node_modules/next/dist/server/lib/router-utils/filesystem.js:151:19)
    at async initialize (/Users/adrifueyo/Sites/select-control-app/node_modules/next/dist/server/lib/router-server.js:64:23)
    at async Server.<anonymous> (/Users/adrifueyo/Sites/select-control-app/node_modules/next/dist/server/lib/start-server.js:249:36)

> select-control-app@1.0.0 start
> next start

  ▲ Next.js 14.2.35
  - Local:        http://localhost:3000

 ✓ Starting...
Error: Could not find a production build in the '.next' directory. Try building your app with 'next build' before starting the production server. https://nextjs.org/docs/messages/production-start-no-build-id
    at setupFsCheck (/Users/adrifueyo/Sites/select-control-app/node_modules/next/dist/server/lib/router-utils/filesystem.js:151:19)
    at async initialize (/Users/adrifueyo/Sites/select-control-app/node_modules/next/dist/server/lib/router-server.js:64:23)
    at async Server.<anonymous> (/Users/adrifueyo/Sites/select-control-app/node_modules/next/dist/server/lib/start-server.js:249:36)

> select-control-app@1.0.0 start
> next start

  ▲ Next.js 14.2.35
  - Local:        http://localhost:3000

 ✓ Starting...
Error: Could not find a production build in the '.next' directory. Try building your app with 'next build' before starting the production server. https://nextjs.org/docs/messages/production-start-no-build-id
    at setupFsCheck (/Users/adrifueyo/Sites/select-control-app/node_modules/next/dist/server/lib/router-utils/filesystem.js:151:19)
    at async initialize (/Users/adrifueyo/Sites/select-control-app/node_modules/next/dist/server/lib/router-server.js:64:23)
    at async Server.<anonymous> (/Users/adrifueyo/Sites/select-control-app/node_modules/next/dist/server/lib/start-server.js:249:36)

> select-control-app@1.0.0 start
> next start

  ▲ Next.js 14.2.35
  - Local:        http://localhost:3000

 ✓ Starting...
Error: Could not find a production build in the '.next' directory. Try building your app with 'next build' before starting the production server. https://nextjs.org/docs/messages/production-start-no-build-id
    at setupFsCheck (/Users/adrifueyo/Sites/select-control-app/node_modules/next/dist/server/lib/router-utils/filesystem.js:151:19)
    at async initialize (/Users/adrifueyo/Sites/select-control-app/node_modules/next/dist/server/lib/router-server.js:64:23)
    at async Server.<anonymous> (/Users/adrifueyo/Sites/select-control-app/node_modules/next/dist/server/lib/start-server.js:249:36)

> select-control-app@1.0.0 start
> next start

  ▲ Next.js 14.2.35
  - Local:        http://localhost:3000

 ✓ Starting...
Error: Could not find a production build in the '.next' directory. Try building your app with 'next build' before starting the production server. https://nextjs.org/docs/messages/production-start-no-build-id
    at setupFsCheck (/Users/adrifueyo/Sites/select-control-app/node_modules/next/dist/server/lib/router-utils/filesystem.js:151:19)
    at async initialize (/Users/adrifueyo/Sites/select-control-app/node_modules/next/dist/server/lib/router-server.js:64:23)
    at async Server.<anonymous> (/Users/adrifueyo/Sites/select-control-app/node_modules/next/dist/server/lib/start-server.js:249:36)

> select-control-app@1.0.0 start
> next start

  ▲ Next.js 14.2.35
  - Local:        http://localhost:3000

 ✓ Starting...
Error: Could not find a production build in the '.next' directory. Try building your app with 'next build' before starting the production server. https://nextjs.org/docs/messages/production-start-no-build-id
    at setupFsCheck (/Users/adrifueyo/Sites/select-control-app/node_modules/next/dist/server/lib/router-utils/filesystem.js:151:19)
    at async initialize (/Users/adrifueyo/Sites/select-control-app/node_modules/next/dist/server/lib/router-server.js:64:23)
    at async Server.<anonymous> (/Users/adrifueyo/Sites/select-control-app/node_modules/next/dist/server/lib/start-server.js:249:36)

> select-control-app@1.0.0 start
> next start

  ▲ Next.js 14.2.35
  - Local:        http://localhost:3000

 ✓ Starting...
Error: Could not find a production build in the '.next' directory. Try building your app with 'next build' before starting the production server. https://nextjs.org/docs/messages/production-start-no-build-id
    at setupFsCheck (/Users/adrifueyo/Sites/select-control-app/node_modules/next/dist/server/lib/router-utils/filesystem.js:151:19)
    at async initialize (/Users/adrifueyo/Sites/select-control-app/node_modules/next/dist/server/lib/router-server.js:64:23)
    at async Server.<anonymous> (/Users/adrifueyo/Sites/select-control-app/node_modules/next/dist/server/lib/start-server.js:249:36)

> select-control-app@1.0.0 start
> next start

  ▲ Next.js 14.2.35
  - Local:        http://localhost:3000

 ✓ Starting...
 ✓ Ready in 122ms

> select-control-app@1.0.0 start
> next start

  ▲ Next.js 14.2.35
  - Local:        http://localhost:3000

 ✓ Starting...
 ✓ Ready in 99ms

> select-control-app@1.0.0 start
> next start

  ▲ Next.js 14.2.35
  - Local:        http://localhost:3000

 ✓ Starting...
 ✓ Ready in 5.8s

> select-control-app@1.0.0 start
> next start

  ▲ Next.js 14.2.35
  - Local:        http://localhost:3000

 ✓ Starting...
 ✓ Ready in 5.3s

> select-control-app@1.0.0 start
> next start

  ▲ Next.js 14.2.35
  - Local:        http://localhost:3000

 ✓ Starting...
 ✓ Ready in 781ms

> select-control-app@1.0.0 start
> next start

  ▲ Next.js 14.2.35
  - Local:        http://localhost:3000

 ✓ Starting...
 ✓ Ready in 971ms

> select-control-app@1.0.0 start
> next start

  ▲ Next.js 14.2.35
  - Local:        http://localhost:3000

 ✓ Starting...
 ✓ Ready in 361ms

> select-control-app@1.0.0 start
> next start

  ▲ Next.js 14.2.35
  - Local:        http://localhost:3000

 ✓ Starting...
 ✓ Ready in 118ms

> select-control-app@1.0.0 start
> next start

  ▲ Next.js 14.2.35
  - Local:        http://localhost:3000

 ✓ Starting...
 ✓ Ready in 114ms
